error error: linker command failed with exit code 1169 (use -v to see invocation)
   --> clang
