[0m[1m[31merror[0m[1m: [0m[0m[1minitializing 'int' with an expression of incompatible type 'void'[0m[0m[1m[36m
   --> [0mmain.c:4:9[0m
    4 |     int x = func();[0m
      | [0;1;31m        ^   ~~~~~~[0m
[0m[1m[31merror[0m[1m: [0m[0m[1minitializing 'int' with an expression of incompatible type 'void'[0m[0m[1m[36m
   --> [0mmain.c:5:9[0m
    5 |     int y = func();[0m
      | [0;1;31m        ^   ~~~~~~[0m
[0m2 errors generated.[0m
