warning: incompatible pointer types initializing 'int *' with an expression of type 'long long *' [-Wincompatible-pointer-types]
   --> main.c:4:10
    4 |     int* x = &v;
      |          ^   ~~
warning: incompatible pointer types initializing 'int *' with an expression of type 'long long *' [-Wincompatible-pointer-types]
   --> main.c:5:10
    5 |     int* y = &v;
      |          ^   ~~
2 warnings generated.
