error .text+0x0:  multiple definition of `func'; /tmp/warn-f99cb0.o:warn.c:(.text+0x0): first defined here
   --> main.c in function `func`
