warning LNK4217: symbol 'func' defined in 'warn.obj' is imported by 'main.obj' in function 'main'
   --> LINK 
