error LNK2005: func already defined in warn.obj
   --> main.obj 
error LNK1169: one or more multiply defined symbols found
   --> build\main.exe 
